../Core/Src/ADS1015_ADS1115.c:11:13:writeRegister	24	static
../Core/Src/ADS1015_ADS1115.c:25:13:ADSbegin.constprop	8	static
../Core/Src/ADS1015_ADS1115.c:17:17:readRegister.constprop	32	static
../Core/Src/ADS1015_ADS1115.c:32:6:ADS1015	8	static
../Core/Src/ADS1015_ADS1115.c:42:6:ADS1115	8	static
../Core/Src/ADS1015_ADS1115.c:65:6:ADSsetGain	0	static
../Core/Src/ADS1015_ADS1115.c:70:11:ADSgetGain	0	static
../Core/Src/ADS1015_ADS1115.c:75:10:ADSreadADC_SingleEnded	8	static
../Core/Src/ADS1015_ADS1115.c:127:9:ADSreadADC_Differential_0_1	8	static
../Core/Src/ADS1015_ADS1115.c:172:9:ADSreadADC_Differential_2_3	8	static
../Core/Src/ADS1015_ADS1115.c:218:6:ADSstartComparator_SingleEnded	16	static
../Core/Src/ADS1015_ADS1115.c:260:9:ADSgetLastConversionResults	8	static
