../Core/Src/SHT31.c:26:6:SHT31_Config	16	static
../Core/Src/SHT31.c:39:14:SHT31_SendCommand	24	static
../Core/Src/SHT31.c:48:14:SHT31_GetBytes	16	static
../Core/Src/SHT31.c:115:10:SHT31_GetCommand	12	static
../Core/Src/SHT31.c:129:9:SHT31_CRC_8	16	static
../Core/Src/SHT31.c:56:14:SHT31_GetData	32	static
../Core/Src/SHT31.c:144:7:SHT31_GetHumidity	8	static
../Core/Src/SHT31.c:147:7:SHT31_GetTemperature	8	static
../Core/Src/SHT31.c:151:10:SHT31_GetHumidity_raw	0	static
../Core/Src/SHT31.c:154:10:SHT31_GetTemperature_raw	0	static
